// Jest Snapshot v1, https://goo.gl/fbAQLP

exports[`MoviesList Component should render correctly MoviesListComponent 1`] = `
<div
  className="catalog__movies-list"
>
  <article
    className="small-movie-card catalog__movies-card"
    onMouseEnter={[Function]}
    onMouseLeave={[Function]}
  >
    <a
      className="small-movie-card__image"
      href="/films/0"
      onClick={[Function]}
    >
      <video
        height="175"
        poster="poster-0.jpg"
        width="280"
      />
    </a>
    <h3
      className="small-movie-card__title"
    >
      <a
        className="small-movie-card__link"
        href="/films/0"
        onClick={[Function]}
      >
        Jurassic Park
      </a>
    </h3>
  </article>
  <article
    className="small-movie-card catalog__movies-card"
    onMouseEnter={[Function]}
    onMouseLeave={[Function]}
  >
    <a
      className="small-movie-card__image"
      href="/films/1"
      onClick={[Function]}
    >
      <video
        height="175"
        poster="poster-1.jpg"
        width="280"
      />
    </a>
    <h3
      className="small-movie-card__title"
    >
      <a
        className="small-movie-card__link"
        href="/films/1"
        onClick={[Function]}
      >
        Gone With The Wind
      </a>
    </h3>
  </article>
  <article
    className="small-movie-card catalog__movies-card"
    onMouseEnter={[Function]}
    onMouseLeave={[Function]}
  >
    <a
      className="small-movie-card__image"
      href="/films/2"
      onClick={[Function]}
    >
      <video
        height="175"
        poster="poster-2.jpg"
        width="280"
      />
    </a>
    <h3
      className="small-movie-card__title"
    >
      <a
        className="small-movie-card__link"
        href="/films/2"
        onClick={[Function]}
      >
        The Godfather
      </a>
    </h3>
  </article>
  <article
    className="small-movie-card catalog__movies-card"
    onMouseEnter={[Function]}
    onMouseLeave={[Function]}
  >
    <a
      className="small-movie-card__image"
      href="/films/3"
      onClick={[Function]}
    >
      <video
        height="175"
        poster="poster-3.jpg"
        width="280"
      />
    </a>
    <h3
      className="small-movie-card__title"
    >
      <a
        className="small-movie-card__link"
        href="/films/3"
        onClick={[Function]}
      >
        Casablanca
      </a>
    </h3>
  </article>
  <article
    className="small-movie-card catalog__movies-card"
    onMouseEnter={[Function]}
    onMouseLeave={[Function]}
  >
    <a
      className="small-movie-card__image"
      href="/films/4"
      onClick={[Function]}
    >
      <video
        height="175"
        poster="poster-4.jpg"
        width="280"
      />
    </a>
    <h3
      className="small-movie-card__title"
    >
      <a
        className="small-movie-card__link"
        href="/films/4"
        onClick={[Function]}
      >
        A Streetcar Named Desire
      </a>
    </h3>
  </article>
  <article
    className="small-movie-card catalog__movies-card"
    onMouseEnter={[Function]}
    onMouseLeave={[Function]}
  >
    <a
      className="small-movie-card__image"
      href="/films/5"
      onClick={[Function]}
    >
      <video
        height="175"
        poster="poster-5.jpg"
        width="280"
      />
    </a>
    <h3
      className="small-movie-card__title"
    >
      <a
        className="small-movie-card__link"
        href="/films/5"
        onClick={[Function]}
      >
        Some Likes It Hot
      </a>
    </h3>
  </article>
</div>
`;
